
Discarded input sections

 .data          0x0000000000000000        0x0 CMakeFiles/RTOS.dir/Kernel/SystemInit.S.obj
 .bss           0x0000000000000000        0x0 CMakeFiles/RTOS.dir/Kernel/SystemInit.S.obj
 .data          0x0000000000000000        0x0 CMakeFiles/RTOS.dir/Kernel/entry.S.obj
 .bss           0x0000000000000000        0x0 CMakeFiles/RTOS.dir/Kernel/entry.S.obj
 .text          0x0000000000000000        0x0 CMakeFiles/RTOS.dir/Kernel/kerror.c.obj
 .data          0x0000000000000000        0x0 CMakeFiles/RTOS.dir/Kernel/kerror.c.obj
 .bss           0x0000000000000000        0x0 CMakeFiles/RTOS.dir/Kernel/kerror.c.obj
 .text.klog_error
                0x0000000000000000       0x1c CMakeFiles/RTOS.dir/Kernel/kerror.c.obj
 .data          0x0000000000000000        0x0 CMakeFiles/RTOS.dir/Kernel/kexceptions.S.obj
 .bss           0x0000000000000000        0x0 CMakeFiles/RTOS.dir/Kernel/kexceptions.S.obj
 .text          0x0000000000000000        0x0 CMakeFiles/RTOS.dir/Kernel/kexceptions.c.obj
 .data          0x0000000000000000        0x0 CMakeFiles/RTOS.dir/Kernel/kexceptions.c.obj
 .bss           0x0000000000000000        0x0 CMakeFiles/RTOS.dir/Kernel/kexceptions.c.obj
 .text.kunmask_interrupt
                0x0000000000000000       0x20 CMakeFiles/RTOS.dir/Kernel/kexceptions.c.obj
 .text.kmask_interrupt
                0x0000000000000000       0x20 CMakeFiles/RTOS.dir/Kernel/kexceptions.c.obj
 .text.kset_exception_priority
                0x0000000000000000       0xa8 CMakeFiles/RTOS.dir/Kernel/kexceptions.c.obj
 .text.kregister_exception_handler
                0x0000000000000000       0x1c CMakeFiles/RTOS.dir/Kernel/kexceptions.c.obj
 .text          0x0000000000000000        0x0 CMakeFiles/RTOS.dir/Kernel/kmemory.c.obj
 .data          0x0000000000000000        0x0 CMakeFiles/RTOS.dir/Kernel/kmemory.c.obj
 .bss           0x0000000000000000        0x0 CMakeFiles/RTOS.dir/Kernel/kmemory.c.obj
 .text.kmemplace
                0x0000000000000000       0x9c CMakeFiles/RTOS.dir/Kernel/kmemory.c.obj
 .text.kcoalesce
                0x0000000000000000       0xc0 CMakeFiles/RTOS.dir/Kernel/kmemory.c.obj
 .text.kmalloc  0x0000000000000000       0x48 CMakeFiles/RTOS.dir/Kernel/kmemory.c.obj
 .text.kfree    0x0000000000000000       0x14 CMakeFiles/RTOS.dir/Kernel/kmemory.c.obj
 .text.kverify_heap
                0x0000000000000000       0x5c CMakeFiles/RTOS.dir/Kernel/kmemory.c.obj
 .text          0x0000000000000000        0x0 CMakeFiles/RTOS.dir/Kernel/kstart.c.obj
 .data          0x0000000000000000        0x0 CMakeFiles/RTOS.dir/Kernel/kstart.c.obj
 .bss           0x0000000000000000        0x0 CMakeFiles/RTOS.dir/Kernel/kstart.c.obj
 .text          0x0000000000000000        0x0 CMakeFiles/RTOS.dir/Kernel/ktiming.c.obj
 .data          0x0000000000000000        0x0 CMakeFiles/RTOS.dir/Kernel/ktiming.c.obj
 .bss           0x0000000000000000        0x0 CMakeFiles/RTOS.dir/Kernel/ktiming.c.obj
 .comment       0x0000000000000000       0x58 CMakeFiles/RTOS.dir/Kernel/ktiming.c.obj

Memory Configuration

Name             Origin             Length             Attributes
FLASH            0x0000000000027000 0x00000000000d9000 xr
RAM              0x0000000020005978 0x000000000003a688 xrw
*default*        0x0000000000000000 0xffffffffffffffff

Linker script and memory map


.text           0x0000000000027000      0x3c7
 *(.isr_vector)
 .isr_vector    0x0000000000027000      0x200 CMakeFiles/RTOS.dir/Kernel/entry.S.obj
                0x0000000000027000                __isr_vector
 *(.text*)
 .text          0x0000000000027200        0xe CMakeFiles/RTOS.dir/Kernel/SystemInit.S.obj
                0x0000000000027200                SystemInit
 *fill*         0x000000000002720e        0x2 
 .text          0x0000000000027210       0x3c CMakeFiles/RTOS.dir/Kernel/entry.S.obj
                0x0000000000027210                Reset_Handler
                0x0000000000027238                NMI_Handler
                0x000000000002723a                HardFault_Handler
                0x000000000002723c                MemoryManagement_Handler
                0x000000000002723e                BusFault_Handler
                0x0000000000027240                UsageFault_Handler
                0x0000000000027242                SVC_Handler
                0x0000000000027244                DebugMon_Handler
                0x0000000000027246                PendSV_Handler
                0x0000000000027248                SysTick_Handler
                0x000000000002724a                TIMER2_IRQHandler
                0x000000000002724a                RTC0_IRQHandler
                0x000000000002724a                SWI0_EGU0_IRQHandler
                0x000000000002724a                SWI2_EGU2_IRQHandler
                0x000000000002724a                GPIOTE_IRQHandler
                0x000000000002724a                PWM1_IRQHandler
                0x000000000002724a                POWER_CLOCK_IRQHandler
                0x000000000002724a                RADIO_IRQHandler
                0x000000000002724a                PDM_IRQHandler
                0x000000000002724a                TEMP_IRQHandler
                0x000000000002724a                QDEC_IRQHandler
                0x000000000002724a                TIMER3_IRQHandler
                0x000000000002724a                PWM3_IRQHandler
                0x000000000002724a                FPU_IRQHandler
                0x000000000002724a                USBD_IRQHandler
                0x000000000002724a                SPIM0_SPIS0_TWIM0_TWIS0_SPI0_TWI0_IRQHandler
                0x000000000002724a                UARTE0_UART0_IRQHandler
                0x000000000002724a                TIMER4_IRQHandler
                0x000000000002724a                CRYPTOCELL_IRQHandler
                0x000000000002724a                I2S_IRQHandler
                0x000000000002724a                SWI4_EGU4_IRQHandler
                0x000000000002724a                TIMER0_IRQHandler
                0x000000000002724a                UARTE1_IRQHandler
                0x000000000002724a                TIMER1_IRQHandler
                0x000000000002724a                SPIM3_IRQHandler
                0x000000000002724a                PWM2_IRQHandler
                0x000000000002724a                ECB_IRQHandler
                0x000000000002724a                SPIM1_SPIS1_TWIM1_TWIS1_SPI1_TWI1_IRQHandler
                0x000000000002724a                Default_Handler
                0x000000000002724a                SAADC_IRQHandler
                0x000000000002724a                CCM_AAR_IRQHandler
                0x000000000002724a                WDT_IRQHandler
                0x000000000002724a                SWI5_EGU5_IRQHandler
                0x000000000002724a                RNG_IRQHandler
                0x000000000002724a                RTC2_IRQHandler
                0x000000000002724a                PWM0_IRQHandler
                0x000000000002724a                SWI3_EGU3_IRQHandler
                0x000000000002724a                RTC1_IRQHandler
                0x000000000002724a                SWI1_EGU1_IRQHandler
                0x000000000002724a                SPIM2_SPIS2_SPI2_IRQHandler
                0x000000000002724a                NFCT_IRQHandler
                0x000000000002724a                MWU_IRQHandler
                0x000000000002724a                QSPI_IRQHandler
                0x000000000002724a                COMP_LPCOMP_IRQHandler
 .text.kforce_log_error
                0x000000000002724c       0x18 CMakeFiles/RTOS.dir/Kernel/kerror.c.obj
                0x000000000002724c                kforce_log_error
 .text          0x0000000000027264       0x42 CMakeFiles/RTOS.dir/Kernel/kexceptions.S.obj
                0x0000000000027264                kmask_exceptions
                0x0000000000027272                kunmask_exceptions
                0x0000000000027280                kget_base_priority
                0x0000000000027286                kset_base_priority
                0x000000000002728c                kget_fault_mask
                0x0000000000027292                kset_fault_mask
                0x000000000002729c                kclear_fault_mask
 .text.default_trap_ISR
                0x00000000000272a6        0x2 CMakeFiles/RTOS.dir/Kernel/kexceptions.c.obj
                0x00000000000272a6                default_trap_ISR
 .text.kinit_exception_table
                0x00000000000272a8       0x2c CMakeFiles/RTOS.dir/Kernel/kexceptions.c.obj
                0x00000000000272a8                kinit_exception_table
 .text.kinit_heap
                0x00000000000272d4       0xbc CMakeFiles/RTOS.dir/Kernel/kmemory.c.obj
                0x00000000000272d4                kinit_heap
 .text._start   0x0000000000027390       0x2c CMakeFiles/RTOS.dir/Kernel/kstart.c.obj
                0x0000000000027390                _start
 *(.init)
 *(.fini)
 *crtbegin.o(.ctors)
 *crtbegin?.o(.ctors)
 *(EXCLUDE_FILE(*crtend.o *crtend?.o) .ctors)
 *(SORT_BY_NAME(.ctors.*))
 *(.ctors)
 *crtbegin.o(.dtors)
 *crtbegin?.o(.dtors)
 *(EXCLUDE_FILE(*crtend.o *crtend?.o) .dtors)
 *(SORT_BY_NAME(.dtors.*))
 *(.dtors)
 *(.rodata*)
 .rodata._start.str1.4
                0x00000000000273bc        0xb CMakeFiles/RTOS.dir/Kernel/kstart.c.obj
 *(.eh_frame*)

.mem_section_dummy_rom

.sdh_ble_observers
                0x00000000000273c7        0x0
                [!provide]                        PROVIDE (__start_sdh_ble_observers = .)
 *(SORT_BY_NAME(.sdh_ble_observers*))
                [!provide]                        PROVIDE (__stop_sdh_ble_observers = .)

.sdh_soc_observers
                0x00000000000273c7        0x0
                [!provide]                        PROVIDE (__start_sdh_soc_observers = .)
 *(SORT_BY_NAME(.sdh_soc_observers*))
                [!provide]                        PROVIDE (__stop_sdh_soc_observers = .)

.sdh_req_observers
                0x00000000000273c7        0x0
                [!provide]                        PROVIDE (__start_sdh_req_observers = .)
 *(SORT_BY_NAME(.sdh_req_observers*))
                [!provide]                        PROVIDE (__stop_sdh_req_observers = .)

.sdh_state_observers
                0x00000000000273c7        0x0
                [!provide]                        PROVIDE (__start_sdh_state_observers = .)
 *(SORT_BY_NAME(.sdh_state_observers*))
                [!provide]                        PROVIDE (__stop_sdh_state_observers = .)

.sdh_stack_observers
                0x00000000000273c7        0x0
                [!provide]                        PROVIDE (__start_sdh_stack_observers = .)
 *(SORT_BY_NAME(.sdh_stack_observers*))
                [!provide]                        PROVIDE (__stop_sdh_stack_observers = .)

.nrf_queue      0x00000000000273c7        0x0
                [!provide]                        PROVIDE (__start_nrf_queue = .)
 *(.nrf_queue)
                [!provide]                        PROVIDE (__stop_nrf_queue = .)

.nrf_balloc     0x00000000000273c7        0x0
                [!provide]                        PROVIDE (__start_nrf_balloc = .)
 *(.nrf_balloc)
                [!provide]                        PROVIDE (__stop_nrf_balloc = .)

.cli_command    0x00000000000273c7        0x0
                [!provide]                        PROVIDE (__start_cli_command = .)
 *(.cli_command)
                [!provide]                        PROVIDE (__stop_cli_command = .)

.crypto_data    0x00000000000273c7        0x0
                [!provide]                        PROVIDE (__start_crypto_data = .)
 *(SORT_BY_NAME(.crypto_data*))
                [!provide]                        PROVIDE (__stop_crypto_data = .)

.pwr_mgmt_data  0x00000000000273c7        0x0
                [!provide]                        PROVIDE (__start_pwr_mgmt_data = .)
 *(SORT_BY_NAME(.pwr_mgmt_data*))
                [!provide]                        PROVIDE (__stop_pwr_mgmt_data = .)

.log_const_data
                0x00000000000273c7        0x0
                [!provide]                        PROVIDE (__start_log_const_data = .)
 *(SORT_BY_NAME(.log_const_data*))
                [!provide]                        PROVIDE (__stop_log_const_data = .)

.log_backends   0x00000000000273c7        0x0
                [!provide]                        PROVIDE (__start_log_backends = .)
 *(SORT_BY_NAME(.log_backends*))
                [!provide]                        PROVIDE (__stop_log_backends = .)

.ARM.extab
 *(.ARM.extab* .gnu.linkonce.armextab.*)
                0x00000000000273c7                __exidx_start = .

.ARM.exidx
 *(.ARM.exidx* .gnu.linkonce.armexidx.*)
                0x00000000000273c7                __exidx_end = .
                0x00000000000273c8                . = ALIGN (0x4)
                0x00000000000273c8                __etext = .

.data           0x0000000020005978       0x20 load address 0x00000000000273c8
                0x0000000020005978                __data_start__ = .
 *(vtable)
 *(.data*)
 .data.error_log
                0x0000000020005978       0x14 CMakeFiles/RTOS.dir/Kernel/kerror.c.obj
                0x0000000020005978                error_log
 .data.first_block
                0x000000002000598c        0x4 CMakeFiles/RTOS.dir/Kernel/kmemory.c.obj
 .data.heap_failure_detected
                0x0000000020005990        0x1 CMakeFiles/RTOS.dir/Kernel/kmemory.c.obj
 .data.heap_initialized
                0x0000000020005991        0x1 CMakeFiles/RTOS.dir/Kernel/kmemory.c.obj
 *fill*         0x0000000020005992        0x2 
 .data.heap_limit
                0x0000000020005994        0x4 CMakeFiles/RTOS.dir/Kernel/kmemory.c.obj
                0x0000000020005998                . = ALIGN (0x4)
                [!provide]                        PROVIDE (__preinit_array_start = .)
 *(.preinit_array)
                [!provide]                        PROVIDE (__preinit_array_end = .)
                0x0000000020005998                . = ALIGN (0x4)
                [!provide]                        PROVIDE (__init_array_start = .)
 *(SORT_BY_NAME(.init_array.*))
 *(.init_array)
                [!provide]                        PROVIDE (__init_array_end = .)
                0x0000000020005998                . = ALIGN (0x4)
                [!provide]                        PROVIDE (__fini_array_start = .)
 *(SORT_BY_NAME(.fini_array.*))
 *(.fini_array)
                [!provide]                        PROVIDE (__fini_array_end = .)
 *(.jcr*)
                0x0000000020005998                . = ALIGN (0x4)
                0x0000000020005998                __data_end__ = .
START GROUP
LOAD /home/jstidham/Downloads/gcc_arm_embedded/gcc-arm-11.2-2022.02-x86_64-arm-none-eabi/bin/../lib/gcc/arm-none-eabi/11.2.1/../../../../arm-none-eabi/lib/thumb/v7e-m+fp/hard/libc_nano.a
LOAD /home/jstidham/Downloads/gcc_arm_embedded/gcc-arm-11.2-2022.02-x86_64-arm-none-eabi/bin/../lib/gcc/arm-none-eabi/11.2.1/../../../../arm-none-eabi/lib/thumb/v7e-m+fp/hard/libm.a
LOAD /home/jstidham/Downloads/gcc_arm_embedded/gcc-arm-11.2-2022.02-x86_64-arm-none-eabi/bin/../lib/gcc/arm-none-eabi/11.2.1/../../../../arm-none-eabi/lib/thumb/v7e-m+fp/hard/libstdc++_nano.a
LOAD /home/jstidham/Downloads/gcc_arm_embedded/gcc-arm-11.2-2022.02-x86_64-arm-none-eabi/bin/../lib/gcc/arm-none-eabi/11.2.1/../../../../arm-none-eabi/lib/thumb/v7e-m+fp/hard/libsupc++_nano.a
END GROUP
LOAD CMakeFiles/RTOS.dir/Kernel/SystemInit.S.obj
LOAD CMakeFiles/RTOS.dir/Kernel/entry.S.obj
LOAD CMakeFiles/RTOS.dir/Kernel/kerror.c.obj
LOAD CMakeFiles/RTOS.dir/Kernel/kexceptions.S.obj
LOAD CMakeFiles/RTOS.dir/Kernel/kexceptions.c.obj
LOAD CMakeFiles/RTOS.dir/Kernel/kmemory.c.obj
LOAD CMakeFiles/RTOS.dir/Kernel/kstart.c.obj
LOAD CMakeFiles/RTOS.dir/Kernel/ktiming.c.obj
START GROUP
LOAD /home/jstidham/Downloads/gcc_arm_embedded/gcc-arm-11.2-2022.02-x86_64-arm-none-eabi/bin/../lib/gcc/arm-none-eabi/11.2.1/thumb/v7e-m+fp/hard/libgcc.a
LOAD /home/jstidham/Downloads/gcc_arm_embedded/gcc-arm-11.2-2022.02-x86_64-arm-none-eabi/bin/../lib/gcc/arm-none-eabi/11.2.1/../../../../arm-none-eabi/lib/thumb/v7e-m+fp/hard/libc_nano.a
END GROUP
START GROUP
LOAD /home/jstidham/Downloads/gcc_arm_embedded/gcc-arm-11.2-2022.02-x86_64-arm-none-eabi/bin/../lib/gcc/arm-none-eabi/11.2.1/thumb/v7e-m+fp/hard/libgcc.a
LOAD /home/jstidham/Downloads/gcc_arm_embedded/gcc-arm-11.2-2022.02-x86_64-arm-none-eabi/bin/../lib/gcc/arm-none-eabi/11.2.1/../../../../arm-none-eabi/lib/thumb/v7e-m+fp/hard/libc_nano.a
LOAD /home/jstidham/Downloads/gcc_arm_embedded/gcc-arm-11.2-2022.02-x86_64-arm-none-eabi/bin/../lib/gcc/arm-none-eabi/11.2.1/../../../../arm-none-eabi/lib/thumb/v7e-m+fp/hard/libnosys.a
END GROUP
START GROUP
LOAD /home/jstidham/Downloads/gcc_arm_embedded/gcc-arm-11.2-2022.02-x86_64-arm-none-eabi/bin/../lib/gcc/arm-none-eabi/11.2.1/thumb/v7e-m+fp/hard/libgcc.a
LOAD /home/jstidham/Downloads/gcc_arm_embedded/gcc-arm-11.2-2022.02-x86_64-arm-none-eabi/bin/../lib/gcc/arm-none-eabi/11.2.1/../../../../arm-none-eabi/lib/thumb/v7e-m+fp/hard/libc_nano.a
LOAD /home/jstidham/Downloads/gcc_arm_embedded/gcc-arm-11.2-2022.02-x86_64-arm-none-eabi/bin/../lib/gcc/arm-none-eabi/11.2.1/../../../../arm-none-eabi/lib/thumb/v7e-m+fp/hard/libnosys.a
END GROUP
START GROUP
LOAD /home/jstidham/Downloads/gcc_arm_embedded/gcc-arm-11.2-2022.02-x86_64-arm-none-eabi/bin/../lib/gcc/arm-none-eabi/11.2.1/thumb/v7e-m+fp/hard/libgcc.a
LOAD /home/jstidham/Downloads/gcc_arm_embedded/gcc-arm-11.2-2022.02-x86_64-arm-none-eabi/bin/../lib/gcc/arm-none-eabi/11.2.1/../../../../arm-none-eabi/lib/thumb/v7e-m+fp/hard/libc.a
LOAD /home/jstidham/Downloads/gcc_arm_embedded/gcc-arm-11.2-2022.02-x86_64-arm-none-eabi/bin/../lib/gcc/arm-none-eabi/11.2.1/../../../../arm-none-eabi/lib/thumb/v7e-m+fp/hard/libnosys.a
END GROUP
                0x0000000020005998                . = ALIGN (0x4)

.mem_section_dummy_ram

.cli_sorted_cmd_ptrs
                0x0000000020005998        0x0
                [!provide]                        PROVIDE (__start_cli_sorted_cmd_ptrs = .)
 *(.cli_sorted_cmd_ptrs)
                [!provide]                        PROVIDE (__stop_cli_sorted_cmd_ptrs = .)

.fs_data        0x0000000020005998        0x0
                [!provide]                        PROVIDE (__start_fs_data = .)
 *(.fs_data)
                [!provide]                        PROVIDE (__stop_fs_data = .)

.log_dynamic_data
                0x0000000020005998        0x0
                [!provide]                        PROVIDE (__start_log_dynamic_data = .)
 *(SORT_BY_NAME(.log_dynamic_data*))
                [!provide]                        PROVIDE (__stop_log_dynamic_data = .)

.log_filter_data
                0x0000000020005998        0x0
                [!provide]                        PROVIDE (__start_log_filter_data = .)
 *(SORT_BY_NAME(.log_filter_data*))
                [!provide]                        PROVIDE (__stop_log_filter_data = .)

.bss            0x0000000020005a00      0x104 load address 0x0000000000027480
                0x0000000020005a00                . = ALIGN (0x4)
                0x0000000000018000                __bss_start__ = .
 *(.bss*)
 .bss.vector_table
                0x0000000020005a00      0x100 CMakeFiles/RTOS.dir/Kernel/kexceptions.c.obj
                0x0000000020005a00                vector_table
 .bss.heap_start
                0x0000000020005b00        0x4 CMakeFiles/RTOS.dir/Kernel/kmemory.c.obj
 *(COMMON)
                0x0000000020005b04                . = ALIGN (0x4)
                0x0000000000018000                __bss_end__ = .

.heap           0x0000000020005b08     0x4000
                0x0000000020005b08                __HeapBase = .
                0x0000000000018000                __end__ = .
                [!provide]                        PROVIDE (end = .)
 *(.heap*)
 .heap          0x0000000020005b08     0x4000 CMakeFiles/RTOS.dir/Kernel/entry.S.obj
                0x0000000020009b08                __HeapLimit = .

.stack_dummy    0x0000000020005b08     0x4000
 *(.stack*)
 .stack         0x0000000020005b08     0x4000 CMakeFiles/RTOS.dir/Kernel/entry.S.obj
                0x0000000020040000                __StackTop = (ORIGIN (RAM) + LENGTH (RAM))
                0x000000002003c000                __StackLimit = (__StackTop - SIZEOF (.stack_dummy))
                0x000000002003c000                __UserStackTop = __StackLimit
                0x0000000020038000                __UserStackLimit = (__UserStackTop - SIZEOF (.stack_dummy))
                [!provide]                        PROVIDE (__stack = __StackTop)
                [!provide]                        PROVIDE (__usrstack = __UserStackTop)
                0x0000000000000001                ASSERT ((__StackLimit >= __HeapLimit), region RAM overflowed with stack)
                0x0000000000000088                DataInitFlashUsed = (__bss_start__ - __data_start__)
                0x00000000000003c8                CodeFlashUsed = (__etext - ORIGIN (FLASH))
                0x0000000000000450                TotalFlashUsed = (CodeFlashUsed + DataInitFlashUsed)
                0x0000000000000001                ASSERT ((TotalFlashUsed <= LENGTH (FLASH)), region FLASH overflowed with .data and user data)
                [!provide]                        PROVIDE (__executable_start = SEGMENT_START ("text-segment", 0x8000))
                0x0000000000008000                . = SEGMENT_START ("text-segment", 0x8000)

.interp
 *(.interp)

.note.gnu.build-id
 *(.note.gnu.build-id)

.hash
 *(.hash)

.gnu.hash
 *(.gnu.hash)

.dynsym
 *(.dynsym)

.dynstr
 *(.dynstr)

.gnu.version
 *(.gnu.version)

.gnu.version_d
 *(.gnu.version_d)

.gnu.version_r
 *(.gnu.version_r)

.rel.dyn        0x00000000000273c8        0x0
 *(.rel.init)
 *(.rel.text .rel.text.* .rel.gnu.linkonce.t.*)
 *(.rel.fini)
 *(.rel.rodata .rel.rodata.* .rel.gnu.linkonce.r.*)
 *(.rel.data.rel.ro .rel.data.rel.ro.* .rel.gnu.linkonce.d.rel.ro.*)
 *(.rel.data .rel.data.* .rel.gnu.linkonce.d.*)
 *(.rel.tdata .rel.tdata.* .rel.gnu.linkonce.td.*)
 *(.rel.tbss .rel.tbss.* .rel.gnu.linkonce.tb.*)
 *(.rel.ctors)
 *(.rel.dtors)
 *(.rel.got)
 *(.rel.bss .rel.bss.* .rel.gnu.linkonce.b.*)
                [!provide]                        PROVIDE (__rel_iplt_start = .)
 *(.rel.iplt)
 .rel.iplt      0x00000000000273c8        0x0 CMakeFiles/RTOS.dir/Kernel/entry.S.obj
                [!provide]                        PROVIDE (__rel_iplt_end = .)

.rela.dyn       0x0000000000008000        0x0
 *(.rela.init)
 *(.rela.text .rela.text.* .rela.gnu.linkonce.t.*)
 *(.rela.fini)
 *(.rela.rodata .rela.rodata.* .rela.gnu.linkonce.r.*)
 *(.rela.data .rela.data.* .rela.gnu.linkonce.d.*)
 *(.rela.tdata .rela.tdata.* .rela.gnu.linkonce.td.*)
 *(.rela.tbss .rela.tbss.* .rela.gnu.linkonce.tb.*)
 *(.rela.ctors)
 *(.rela.dtors)
 *(.rela.got)
 *(.rela.bss .rela.bss.* .rela.gnu.linkonce.b.*)
                [!provide]                        PROVIDE (__rela_iplt_start = .)
 *(.rela.iplt)
                [!provide]                        PROVIDE (__rela_iplt_end = .)

.rel.plt
 *(.rel.plt)

.rela.plt
 *(.rela.plt)

.init
 *(SORT_NONE(.init))

.plt
 *(.plt)

.iplt           0x00000000000273c8        0x0
 *(.iplt)
 .iplt          0x00000000000273c8        0x0 CMakeFiles/RTOS.dir/Kernel/entry.S.obj

.text           0x00000000000273c8        0x0
 *(.text.unlikely .text.*_unlikely .text.unlikely.*)
 *(.text.exit .text.exit.*)
 *(.text.startup .text.startup.*)
 *(.text.hot .text.hot.*)
 *(SORT_BY_NAME(.text.sorted.*))
 *(.text .stub .text.* .gnu.linkonce.t.*)
 *(.gnu.warning)
 *(.glue_7t)
 .glue_7t       0x00000000000273c8        0x0 linker stubs
 *(.glue_7)
 .glue_7        0x00000000000273c8        0x0 linker stubs
 *(.vfp11_veneer)
 .vfp11_veneer  0x00000000000273c8        0x0 linker stubs
 *(.v4_bx)
 .v4_bx         0x00000000000273c8        0x0 linker stubs

.fini
 *(SORT_NONE(.fini))
                [!provide]                        PROVIDE (__etext = .)
                [!provide]                        PROVIDE (_etext = .)
                [!provide]                        PROVIDE (etext = .)

.rodata
 *(.rodata .rodata.* .gnu.linkonce.r.*)

.rodata1
 *(.rodata1)

.ARM.extab
 *(.ARM.extab* .gnu.linkonce.armextab.*)

.ARM.exidx      0x0000000000008000        0x0
                [!provide]                        PROVIDE (__exidx_start = .)
 *(.ARM.exidx* .gnu.linkonce.armexidx.*)
                [!provide]                        PROVIDE (__exidx_end = .)

.eh_frame_hdr
 *(.eh_frame_hdr)
 *(.eh_frame_entry .eh_frame_entry.*)

.eh_frame
 *(.eh_frame)
 *(.eh_frame.*)

.gcc_except_table
 *(.gcc_except_table .gcc_except_table.*)

.gnu_extab
 *(.gnu_extab*)

.exception_ranges
 *(.exception_ranges*)
                0x0000000000018000                . = (ALIGN (CONSTANT (MAXPAGESIZE)) + (. & (CONSTANT (MAXPAGESIZE) - 0x1)))

.eh_frame
 *(.eh_frame)
 *(.eh_frame.*)

.gnu_extab
 *(.gnu_extab)

.gcc_except_table
 *(.gcc_except_table .gcc_except_table.*)

.exception_ranges
 *(.exception_ranges*)

.tdata          0x0000000000018000        0x0
                [!provide]                        PROVIDE (__tdata_start = .)
 *(.tdata .tdata.* .gnu.linkonce.td.*)

.tbss
 *(.tbss .tbss.* .gnu.linkonce.tb.*)
 *(.tcommon)

.preinit_array  0x0000000000018000        0x0
                [!provide]                        PROVIDE (__preinit_array_start = .)
 *(.preinit_array)
                [!provide]                        PROVIDE (__preinit_array_end = .)

.init_array     0x0000000000018000        0x0
                [!provide]                        PROVIDE (__init_array_start = .)
 *(SORT_BY_INIT_PRIORITY(.init_array.*) SORT_BY_INIT_PRIORITY(.ctors.*))
 *(.init_array EXCLUDE_FILE(*crtend?.o *crtend.o *crtbegin?.o *crtbegin.o) .ctors)
                [!provide]                        PROVIDE (__init_array_end = .)

.fini_array     0x0000000000018000        0x0
                [!provide]                        PROVIDE (__fini_array_start = .)
 *(SORT_BY_INIT_PRIORITY(.fini_array.*) SORT_BY_INIT_PRIORITY(.dtors.*))
 *(.fini_array EXCLUDE_FILE(*crtend?.o *crtend.o *crtbegin?.o *crtbegin.o) .dtors)
                [!provide]                        PROVIDE (__fini_array_end = .)

.ctors
 *crtbegin.o(.ctors)
 *crtbegin?.o(.ctors)
 *(EXCLUDE_FILE(*crtend?.o *crtend.o) .ctors)
 *(SORT_BY_NAME(.ctors.*))
 *(.ctors)

.dtors
 *crtbegin.o(.dtors)
 *crtbegin?.o(.dtors)
 *(EXCLUDE_FILE(*crtend?.o *crtend.o) .dtors)
 *(SORT_BY_NAME(.dtors.*))
 *(.dtors)

.jcr
 *(.jcr)

.data.rel.ro
 *(.data.rel.ro.local* .gnu.linkonce.d.rel.ro.local.*)
 *(.data.rel.ro .data.rel.ro.* .gnu.linkonce.d.rel.ro.*)

.dynamic
 *(.dynamic)

.got            0x0000000020005b04        0x0 load address 0x0000000000027584
 *(.got.plt)
 *(.igot.plt)
 .igot.plt      0x0000000020005b04        0x0 CMakeFiles/RTOS.dir/Kernel/entry.S.obj
 *(.got)
 *(.igot)

.data           0x0000000000018000        0x0
                0x0000000000018000                __data_start = .
 *(.data .data.* .gnu.linkonce.d.*)

.data1
 *(.data1)
                0x0000000000018000                _edata = .
                [!provide]                        PROVIDE (edata = .)

.persistent     0x0000000000018000        0x0
                0x0000000000018000                . = ALIGN (0x4)
                [!provide]                        PROVIDE (__persistent_start = .)
 *(.persistent .persistent.* .gnu.linkonce.p.*)
                0x0000000000018000                . = ALIGN (0x4)
                [!provide]                        PROVIDE (__persistent_end = .)
                0x0000000000018000                . = .
                0x0000000000018000                __bss_start = .
                0x0000000000018000                __bss_start__ = .

.bss            0x0000000000018000        0x0
 *(.dynbss)
 *(.bss .bss.* .gnu.linkonce.b.*)
 *(COMMON)
                0x0000000000018000                . = ALIGN ((. != 0x0)?0x4:0x1)
                0x0000000000018000                _bss_end__ = .
                0x0000000000018000                __bss_end__ = .

.noinit         0x0000000000018000        0x0
                0x0000000000018000                . = ALIGN (0x4)
                [!provide]                        PROVIDE (__noinit_start = .)
 *(.noinit .noinit.* .gnu.linkonce.n.*)
                0x0000000000018000                . = ALIGN (0x4)
                [!provide]                        PROVIDE (__noinit_end = .)
                0x0000000000018000                . = ALIGN (0x4)
                0x0000000000018000                . = SEGMENT_START ("ldata-segment", .)
                0x0000000000018000                . = ALIGN (0x4)
                0x0000000000018000                __end__ = .
                0x0000000000018000                _end = .
                [!provide]                        PROVIDE (end = .)

.stack          0x0000000000080000        0x0
                0x0000000000080000                _stack = .
 *(.stack)

.stab
 *(.stab)

.stabstr
 *(.stabstr)

.stab.excl
 *(.stab.excl)

.stab.exclstr
 *(.stab.exclstr)

.stab.index
 *(.stab.index)

.stab.indexstr
 *(.stab.indexstr)

.comment        0x0000000000000000       0x57
 *(.comment)
 .comment       0x0000000000000000       0x57 CMakeFiles/RTOS.dir/Kernel/kerror.c.obj
                                         0x58 (size before relaxing)
 .comment       0x0000000000000057       0x58 CMakeFiles/RTOS.dir/Kernel/kexceptions.c.obj
 .comment       0x0000000000000057       0x58 CMakeFiles/RTOS.dir/Kernel/kmemory.c.obj
 .comment       0x0000000000000057       0x58 CMakeFiles/RTOS.dir/Kernel/kstart.c.obj

.gnu.build.attributes
 *(.gnu.build.attributes .gnu.build.attributes.*)

.debug
 *(.debug)

.line
 *(.line)

.debug_srcinfo
 *(.debug_srcinfo)

.debug_sfnames
 *(.debug_sfnames)

.debug_aranges
 *(.debug_aranges)

.debug_pubnames
 *(.debug_pubnames)

.debug_info
 *(.debug_info .gnu.linkonce.wi.*)

.debug_abbrev
 *(.debug_abbrev)

.debug_line
 *(.debug_line .debug_line.* .debug_line_end)

.debug_frame
 *(.debug_frame)

.debug_str
 *(.debug_str)

.debug_loc
 *(.debug_loc)

.debug_macinfo
 *(.debug_macinfo)

.debug_weaknames
 *(.debug_weaknames)

.debug_funcnames
 *(.debug_funcnames)

.debug_typenames
 *(.debug_typenames)

.debug_varnames
 *(.debug_varnames)

.debug_pubtypes
 *(.debug_pubtypes)

.debug_ranges
 *(.debug_ranges)

.debug_addr
 *(.debug_addr)

.debug_line_str
 *(.debug_line_str)

.debug_loclists
 *(.debug_loclists)

.debug_macro
 *(.debug_macro)

.debug_names
 *(.debug_names)

.debug_rnglists
 *(.debug_rnglists)

.debug_str_offsets
 *(.debug_str_offsets)

.debug_sup
 *(.debug_sup)

.ARM.attributes
                0x0000000000000000       0x30
 *(.ARM.attributes)
 .ARM.attributes
                0x0000000000000000       0x1c CMakeFiles/RTOS.dir/Kernel/SystemInit.S.obj
 .ARM.attributes
                0x000000000000001c       0x1c CMakeFiles/RTOS.dir/Kernel/entry.S.obj
 .ARM.attributes
                0x0000000000000038       0x34 CMakeFiles/RTOS.dir/Kernel/kerror.c.obj
 .ARM.attributes
                0x000000000000006c       0x1c CMakeFiles/RTOS.dir/Kernel/kexceptions.S.obj
 .ARM.attributes
                0x0000000000000088       0x34 CMakeFiles/RTOS.dir/Kernel/kexceptions.c.obj
 .ARM.attributes
                0x00000000000000bc       0x34 CMakeFiles/RTOS.dir/Kernel/kmemory.c.obj
 .ARM.attributes
                0x00000000000000f0       0x34 CMakeFiles/RTOS.dir/Kernel/kstart.c.obj
 .ARM.attributes
                0x0000000000000124       0x34 CMakeFiles/RTOS.dir/Kernel/ktiming.c.obj
 *(.gnu.attributes)

.note.gnu.arm.ident
 *(.note.gnu.arm.ident)

/DISCARD/
 *(.note.GNU-stack)
 *(.gnu_debuglink)
 *(.gnu.lto_*)
OUTPUT(RTOS.elf elf32-littlearm)
LOAD linker stubs
